// Jest Snapshot v1, https://goo.gl/fbAQLP

exports[`ActiveChef Component should render initial layout 1`] = `
Array [
  <div>
    <section
        className="timer"
    >
        <div
            className="style"
        >
            <h4>
                You will be active for:
            </h4>
            <table
                className="timertable"
            >
                <tbody>
                    <tr
                        className="info"
                    >
                        <td
                            colSpan="3"
                        >
                              
                        </td>
                    </tr>
                    <tr>
                        <td
                            id="hours"
                        >
                            0
                        </td>
                        <td>
                            Hours
                        </td>
                        <td
                            id="minutes"
                        >
                            0
                        </td>
                        <td>
                            Minutes
                        </td>
                        <td
                            id="seconds"
                        >
                            0
                        </td>
                        <td>
                            Seconds
                        </td>
                    </tr>
                    <tr />
                </tbody>
            </table>
        </div>
    </section>
    <form
        className="stopserve"
    >
        <Link
            replace={false}
            to="/inactive_chef"
        >
            <input
                type="submit"
                value="Stop Serving"
            />
        </Link>
    </form>
</div>,
]
`;
