// Jest Snapshot v1, https://goo.gl/fbAQLP

exports[`App renders without crashing should render initial layout 1`] = `
Array [
  <Unknown>
    <div>
        <Route
            component={[Function]}
            exact={true}
            path="/"
        />
        <Route
            component={[Function]}
            path="/login"
        />
        <Route
            component={[Function]}
            path="/signup"
        />
        <Route
            component={[Function]}
            path="/customize"
        />
        <Route
            component={[Function]}
            path="/list_chefs"
        />
        <Route
            component={[Function]}
            path="/review"
        />
        <Route
            component={[Function]}
            path="/inactive_chef"
        />
        <Route
            component={[Function]}
            path="/edit_dishes"
        />
        <Route
            component={[Function]}
            path="/chat"
        />
        <Route
            component={[Function]}
            path="/active_chef"
        />
        <Route
            component={[Function]}
            path="/food_order"
        />
        <Route
            component={[Function]}
            path="/checkout"
        />
        <Route
            component={[Function]}
            path="/order_status"
        />
    </div>
</Unknown>,
]
`;
