// Jest Snapshot v1, https://goo.gl/fbAQLP

exports[`Customize Component should render initial layout 1`] = `
Array [
  <div
    className="outer-panel"
>
    <div
        className="panel-body"
    >
        <h2
            className="title"
        >
            Customize
        </h2>
        <div
            className="input-fields"
        >
            <div
                className="input-line"
            >
                Food Type:
                <select
                    name="foodtype"
                    onChange={[Function]}
                >
                    <option
                        value="chinese"
                    >
                        Chinese
                    </option>
                    <option
                        value="greek"
                    >
                        Greek
                    </option>
                    <option
                        value="italian"
                    >
                        Italian
                    </option>
                    <option
                        value="japanese"
                    >
                        Japanese
                    </option>
                    <option
                        value="mediterranean"
                    >
                        Mediterranean
                    </option>
                    <option
                        value="burgers"
                    >
                        Burgers
                    </option>
                    <option
                        value="dessert"
                    >
                        Dessert
                    </option>
                </select>
            </div>
            <div
                className="input-line"
            >
                Location:
                <input
                    name="location"
                    onChange={[Function]}
                    type="text"
                />
            </div>
            <div
                className="input-line"
            >
                Time:
                <input
                    name="time"
                    onChange={[Function]}
                    type="time"
                />
            </div>
            <div
                className="input-line"
            >
                Telephone:
                <input
                    name="telephone"
                    onChange={[Function]}
                    type="tel"
                />
            </div>
        </div>
    </div>
    <div
        className="panel-footer"
    >
        <Link
            replace={false}
            to="login"
        >
            <button
                className="btn back-btn"
            >
                Logout
            </button>
        </Link>
        <Link
            onClick={[Function]}
            replace={false}
            to="list_chefs"
        >
            <button
                className="btn next-btn"
            >
                Submit
            </button>
        </Link>
    </div>
</div>,
]
`;
