// Jest Snapshot v1, https://goo.gl/fbAQLP

exports[`InactiveChef Component should render initial layout 1`] = `
Array [
  <div>
    <div
        className="style"
    >
        <title>
            Inactive Chef
        </title>
        <form
            className="input"
            onSubmit={[Function]}
        >
            <h4>
                Enter the amount of time you will be active:
            </h4>
            <input
                defaultValue="0"
                name="hour"
                onChange={[Function]}
                type="number"
            />
            <b>
                Hours
            </b>
            <input
                defaultValue="0"
                name="minute"
                onChange={[Function]}
                type="number"
            />
            <b>
                Minutes
            </b>
            <input
                type="submit"
                value="Start Serving!"
            />
        </form>
        <h4>
            Use Edit Dishes to change your menu
        </h4>
        <Link
            replace={false}
            to="/edit_dishes"
        >
            <input
                type="submit"
                value="Edit Dishes"
            />
        </Link>
    </div>
</div>,
]
`;
