// Jest Snapshot v1, https://goo.gl/fbAQLP

exports[`ListChefs Component should render initial layout 1`] = `
Array [
  <div
    className="outer-panel"
>
    <div
        className="panel-body"
    >
        <h2
            className="title"
        >
            List of Chefs
        </h2>
        <div
            className="input-fields"
        >
            <ChefList
                chefs={
                    Array [
                        Object {
                          "bio": "Chef for 5 years",
                          "name": "Jae",
                          "rating": "5 stars",
                        },
                        Object {
                          "bio": "Chef for 6 years",
                          "name": "Kevin",
                          "rating": "5 stars",
                        },
                        Object {
                          "bio": "Chef for 7 years",
                          "name": "Audrey",
                          "rating": "5 stars",
                        },
                      ]
                }
            />
        </div>
    </div>
    <div
        className="panel-footer"
    >
        <Link
            replace={false}
            to="login"
        >
            <button
                className="btn back-btn"
            >
                Go Back
            </button>
        </Link>
        <Link
            replace={false}
            to="chat"
        >
            <button
                className="btn next-btn"
            >
                Chat!
            </button>
        </Link>
    </div>
</div>,
]
`;
